IL_0000: ldtoken System.ComponentModel.BeginEditEventArgs | Catel.Core, Version=5.9.0.0, Culture=neutral, PublicKeyToken=null
IL_0005: call System.Type System.Type::GetTypeFromHandle(System.RuntimeTypeHandle)
IL_000a: stloc V_0
IL_000b: ldtoken ModuleInitializer | LoadAssembliesOnStartup.Fody.TestAssemblyToReference, Version=3.0.3.0, Culture=neutral, PublicKeyToken=null
IL_0010: call System.Type System.Type::GetTypeFromHandle(System.RuntimeTypeHandle)
IL_0015: stloc V_1
IL_0016: ldtoken ModuleInitializer | LoadAssembliesOnStartup.Fody.TestAssemblyToReferenceWithIgnores, Version=3.0.3.0, Culture=neutral, PublicKeyToken=null
IL_001b: call System.Type System.Type::GetTypeFromHandle(System.RuntimeTypeHandle)
IL_0020: stloc V_2
IL_0021: ldtoken ModuleInitializer | Orc.FileSystem, Version=3.0.0.0, Culture=neutral, PublicKeyToken=null
IL_0026: call System.Type System.Type::GetTypeFromHandle(System.RuntimeTypeHandle)
IL_002b: stloc V_3
IL_002c: ret
IL_002d: ret
