IL_0000: ldtoken Orc.FileSystem.SystemErrorCodes | Orc.FileSystem, Version=4.1.4.0, Culture=neutral, PublicKeyToken=null
IL_0005: call System.Type System.Type::GetTypeFromHandle(System.RuntimeTypeHandle)
IL_000a: stloc V_0
IL_000b: ret
IL_000c: ret
